Release 14.7 - xst P.20131013 (nt)
Copyright (c) 1995-2013 Xilinx, Inc.  All rights reserved.
--> Parameter TMPDIR set to xst/projnav.tmp


Total REAL time to Xst completion: 0.00 secs
Total CPU time to Xst completion: 0.47 secs
 
--> Parameter xsthdpdir set to xst


Total REAL time to Xst completion: 0.00 secs
Total CPU time to Xst completion: 0.47 secs
 
--> Reading design: MIPS2.prj

TABLE OF CONTENTS
  1) Synthesis Options Summary
  2) HDL Parsing
  3) HDL Elaboration
  4) HDL Synthesis
       4.1) HDL Synthesis Report
  5) Advanced HDL Synthesis
       5.1) Advanced HDL Synthesis Report
  6) Low Level Synthesis
  7) Partition Report
  8) Design Summary
       8.1) Primitive and Black Box Usage
       8.2) Device utilization summary
       8.3) Partition Resource Summary
       8.4) Timing Report
            8.4.1) Clock Information
            8.4.2) Asynchronous Control Signals Information
            8.4.3) Timing Summary
            8.4.4) Timing Details
            8.4.5) Cross Clock Domains Report


=========================================================================
*                      Synthesis Options Summary                        *
=========================================================================
---- Source Parameters
Input File Name                    : "MIPS2.prj"
Ignore Synthesis Constraint File   : NO

---- Target Parameters
Output File Name                   : "MIPS2"
Output Format                      : NGC
Target Device                      : xc7a100t-3-csg324

---- Source Options
Top Module Name                    : MIPS2
Automatic FSM Extraction           : YES
FSM Encoding Algorithm             : Auto
Safe Implementation                : No
FSM Style                          : LUT
RAM Extraction                     : Yes
RAM Style                          : Auto
ROM Extraction                     : Yes
Shift Register Extraction          : YES
ROM Style                          : Auto
Resource Sharing                   : YES
Asynchronous To Synchronous        : NO
Shift Register Minimum Size        : 2
Use DSP Block                      : Auto
Automatic Register Balancing       : No

---- Target Options
LUT Combining                      : Auto
Reduce Control Sets                : Auto
Add IO Buffers                     : YES
Global Maximum Fanout              : 100000
Add Generic Clock Buffer(BUFG)     : 32
Register Duplication               : YES
Optimize Instantiated Primitives   : NO
Use Clock Enable                   : Auto
Use Synchronous Set                : Auto
Use Synchronous Reset              : Auto
Pack IO Registers into IOBs        : Auto
Equivalent register Removal        : YES

---- General Options
Optimization Goal                  : Speed
Optimization Effort                : 1
Power Reduction                    : NO
Keep Hierarchy                     : No
Netlist Hierarchy                  : As_Optimized
RTL Output                         : Yes
Global Optimization                : AllClockNets
Read Cores                         : YES
Write Timing Constraints           : NO
Cross Clock Analysis               : NO
Hierarchy Separator                : /
Bus Delimiter                      : <>
Case Specifier                     : Maintain
Slice Utilization Ratio            : 100
BRAM Utilization Ratio             : 100
DSP48 Utilization Ratio            : 100
Auto BRAM Packing                  : NO
Slice Utilization Ratio Delta      : 5

=========================================================================


=========================================================================
*                          HDL Parsing                                  *
=========================================================================
Analyzing Verilog file "\\vboxsrv\win7vm\workspace\ArquitecturaDeComputadoras\TP4\Trunker.v" into library work
Parsing module <Trunker>.
Analyzing Verilog file "\\vboxsrv\win7vm\workspace\ArquitecturaDeComputadoras\TP4\signExtension.v" into library work
Parsing module <signExtension>.
Analyzing Verilog file "\\vboxsrv\win7vm\workspace\ArquitecturaDeComputadoras\TP4\Shift16.v" into library work
Parsing module <Shift16>.
Analyzing Verilog file "\\vboxsrv\win7vm\workspace\ArquitecturaDeComputadoras\TP4\RegisterMemory.v" into library work
Parsing module <RegisterMemory>.
Analyzing Verilog file "\\vboxsrv\win7vm\workspace\ArquitecturaDeComputadoras\TP4\ProgramMemory.v" into library work
Parsing module <ProgramMemory>.
Analyzing Verilog file "\\vboxsrv\win7vm\workspace\ArquitecturaDeComputadoras\TP4\PC.v" into library work
Parsing module <PC>.
Analyzing Verilog file "\\vboxsrv\win7vm\workspace\ArquitecturaDeComputadoras\TP4\Mux_4_1.v" into library work
Parsing module <Mux_4_1>.
Analyzing Verilog file "\\vboxsrv\win7vm\workspace\ArquitecturaDeComputadoras\TP4\Mux.v" into library work
Parsing module <Mux_2_1>.
Analyzing Verilog file "\\vboxsrv\win7vm\workspace\ArquitecturaDeComputadoras\TP4\MEM_WB.v" into library work
Parsing module <MEM_WB>.
Analyzing Verilog file "\\vboxsrv\win7vm\workspace\ArquitecturaDeComputadoras\TP4\IF_ID.v" into library work
Parsing module <IF_ID>.
Analyzing Verilog file "\\vboxsrv\win7vm\workspace\ArquitecturaDeComputadoras\TP4\ID_EX.v" into library work
Parsing module <ID_EX>.
Analyzing Verilog file "\\vboxsrv\win7vm\workspace\ArquitecturaDeComputadoras\TP4\HazardDetectionUnit.v" into library work
Parsing module <HazardDetectionUnit>.
Analyzing Verilog file "\\vboxsrv\win7vm\workspace\ArquitecturaDeComputadoras\TP4\ForwardingUnit.v" into library work
Parsing module <ForwardingUnit>.
Analyzing Verilog file "\\vboxsrv\win7vm\workspace\ArquitecturaDeComputadoras\TP4\EX_MEM.v" into library work
Parsing module <EX_MEM>.
Analyzing Verilog file "\\vboxsrv\win7vm\workspace\ArquitecturaDeComputadoras\TP4\DataMemory.v" into library work
Parsing module <DataMemory>.
Analyzing Verilog file "\\vboxsrv\win7vm\workspace\ArquitecturaDeComputadoras\TP4\ControlUnit.v" into library work
Parsing module <ControlUnit>.
Analyzing Verilog file "\\vboxsrv\win7vm\workspace\ArquitecturaDeComputadoras\TP4\comparator.v" into library work
Parsing module <comparator>.
Analyzing Verilog file "\\vboxsrv\win7vm\workspace\ArquitecturaDeComputadoras\TP4\ALU.v" into library work
Parsing module <ALU>.
Analyzing Verilog file "\\vboxsrv\win7vm\workspace\ArquitecturaDeComputadoras\TP4\MIPS2.v" into library work
Parsing module <MIPS2>.

=========================================================================
*                            HDL Elaboration                            *
=========================================================================

Elaborating module <MIPS2>.

Elaborating module <PC>.

Elaborating module <ALU>.

Elaborating module <ProgramMemory>.
WARNING:HDLCompiler:413 - "\\vboxsrv\win7vm\workspace\ArquitecturaDeComputadoras\TP4\ProgramMemory.v" Line 74: Result of 5-bit expression is truncated to fit in 4-bit target.
ERROR:HDLCompiler:569 - "\\vboxsrv\win7vm\workspace\ArquitecturaDeComputadoras\TP4\ProgramMemory.v" Line 74: Loop count limit exceeded. Condition is never false.
Module ProgramMemory remains a blackbox, due to errors in its contents
WARNING:HDLCompiler:1499 - "\\vboxsrv\win7vm\workspace\ArquitecturaDeComputadoras\TP4\ProgramMemory.v" Line 21: Empty module <ProgramMemory> remains a black box.

Elaborating module <Mux_2_1>.

Elaborating module <IF_ID>.

Elaborating module <HazardDetectionUnit>.

Elaborating module <ControlUnit>.

Elaborating module <Mux_2_1(N=20)>.

Elaborating module <RegisterMemory>.
WARNING:HDLCompiler:91 - "\\vboxsrv\win7vm\workspace\ArquitecturaDeComputadoras\TP4\RegisterMemory.v" Line 89: Signal <REG> missing in the sensitivity list is added for synthesis purposes. HDL and post-synthesis simulations may differ as a result.
WARNING:HDLCompiler:91 - "\\vboxsrv\win7vm\workspace\ArquitecturaDeComputadoras\TP4\RegisterMemory.v" Line 90: Signal <REG> missing in the sensitivity list is added for synthesis purposes. HDL and post-synthesis simulations may differ as a result.
ERROR:HDLCompiler:1401 - "\\vboxsrv\win7vm\workspace\ArquitecturaDeComputadoras\TP4\RegisterMemory.v" Line 69: Signal O_REGMEM_READ_DATA_1[31] in unit RegisterMemory is connected to following multiple drivers:
Driver 0: output signal O_REGMEM_READ_DATA_1[31] of instance I_REGMEM_RS[4]_REG[31][31]_wide_mux_37 (I_REGMEM_RS[4]_REG[31][31]_wide_mux_37).
Driver 1: output signal O_REGMEM_READ_DATA_1[31] of instance Latch (O_REGMEM_READ_DATA_1[31]).
Driver 0: output signal O_REGMEM_READ_DATA_1[30] of instance I_REGMEM_RS[4]_REG[31][31]_wide_mux_37 (I_REGMEM_RS[4]_REG[31][31]_wide_mux_37).
Driver 1: output signal O_REGMEM_READ_DATA_1[30] of instance Latch (O_REGMEM_READ_DATA_1[30]).
Driver 0: output signal O_REGMEM_READ_DATA_1[29] of instance I_REGMEM_RS[4]_REG[31][31]_wide_mux_37 (I_REGMEM_RS[4]_REG[31][31]_wide_mux_37).
Driver 1: output signal O_REGMEM_READ_DATA_1[29] of instance Latch (O_REGMEM_READ_DATA_1[29]).
Driver 0: output signal O_REGMEM_READ_DATA_1[28] of instance I_REGMEM_RS[4]_REG[31][31]_wide_mux_37 (I_REGMEM_RS[4]_REG[31][31]_wide_mux_37).
Driver 1: output signal O_REGMEM_READ_DATA_1[28] of instance Latch (O_REGMEM_READ_DATA_1[28]).
Driver 0: output signal O_REGMEM_READ_DATA_1[27] of instance I_REGMEM_RS[4]_REG[31][31]_wide_mux_37 (I_REGMEM_RS[4]_REG[31][31]_wide_mux_37).
Driver 1: output signal O_REGMEM_READ_DATA_1[27] of instance Latch (O_REGMEM_READ_DATA_1[27]).
Driver 0: output signal O_REGMEM_READ_DATA_1[26] of instance I_REGMEM_RS[4]_REG[31][31]_wide_mux_37 (I_REGMEM_RS[4]_REG[31][31]_wide_mux_37).
Driver 1: output signal O_REGMEM_READ_DATA_1[26] of instance Latch (O_REGMEM_READ_DATA_1[26]).
Driver 0: output signal O_REGMEM_READ_DATA_1[25] of instance I_REGMEM_RS[4]_REG[31][31]_wide_mux_37 (I_REGMEM_RS[4]_REG[31][31]_wide_mux_37).
Driver 1: output signal O_REGMEM_READ_DATA_1[25] of instance Latch (O_REGMEM_READ_DATA_1[25]).
Driver 0: output signal O_REGMEM_READ_DATA_1[24] of instance I_REGMEM_RS[4]_REG[31][31]_wide_mux_37 (I_REGMEM_RS[4]_REG[31][31]_wide_mux_37).
Driver 1: output signal O_REGMEM_READ_DATA_1[24] of instance Latch (O_REGMEM_READ_DATA_1[24]).
Driver 0: output signal O_REGMEM_READ_DATA_1[23] of instance I_REGMEM_RS[4]_REG[31][31]_wide_mux_37 (I_REGMEM_RS[4]_REG[31][31]_wide_mux_37).
Driver 1: output signal O_REGMEM_READ_DATA_1[23] of instance Latch (O_REGMEM_READ_DATA_1[23]).
Driver 0: output signal O_REGMEM_READ_DATA_1[22] of instance I_REGMEM_RS[4]_REG[31][31]_wide_mux_37 (I_REGMEM_RS[4]_REG[31][31]_wide_mux_37).
Driver 1: output signal O_REGMEM_READ_DATA_1[22] of instance Latch (O_REGMEM_READ_DATA_1[22]).
Driver 0: output signal O_REGMEM_READ_DATA_1[21] of instance I_REGMEM_RS[4]_REG[31][31]_wide_mux_37 (I_REGMEM_RS[4]_REG[31][31]_wide_mux_37).
Driver 1: output signal O_REGMEM_READ_DATA_1[21] of instance Latch (O_REGMEM_READ_DATA_1[21]).
Driver 0: output signal O_REGMEM_READ_DATA_1[20] of instance I_REGMEM_RS[4]_REG[31][31]_wide_mux_37 (I_REGMEM_RS[4]_REG[31][31]_wide_mux_37).
Driver 1: output signal O_REGMEM_READ_DATA_1[20] of instance Latch (O_REGMEM_READ_DATA_1[20]).
Driver 0: output signal O_REGMEM_READ_DATA_1[19] of instance I_REGMEM_RS[4]_REG[31][31]_wide_mux_37 (I_REGMEM_RS[4]_REG[31][31]_wide_mux_37).
Driver 1: output signal O_REGMEM_READ_DATA_1[19] of instance Latch (O_REGMEM_READ_DATA_1[19]).
Driver 0: output signal O_REGMEM_READ_DATA_1[18] of instance I_REGMEM_RS[4]_REG[31][31]_wide_mux_37 (I_REGMEM_RS[4]_REG[31][31]_wide_mux_37).
Driver 1: output signal O_REGMEM_READ_DATA_1[18] of instance Latch (O_REGMEM_READ_DATA_1[18]).
Driver 0: output signal O_REGMEM_READ_DATA_1[17] of instance I_REGMEM_RS[4]_REG[31][31]_wide_mux_37 (I_REGMEM_RS[4]_REG[31][31]_wide_mux_37).
Driver 1: output signal O_REGMEM_READ_DATA_1[17] of instance Latch (O_REGMEM_READ_DATA_1[17]).
Driver 0: output signal O_REGMEM_READ_DATA_1[16] of instance I_REGMEM_RS[4]_REG[31][31]_wide_mux_37 (I_REGMEM_RS[4]_REG[31][31]_wide_mux_37).
Driver 1: output signal O_REGMEM_READ_DATA_1[16] of instance Latch (O_REGMEM_READ_DATA_1[16]).
Driver 0: output signal O_REGMEM_READ_DATA_1[15] of instance I_REGMEM_RS[4]_REG[31][31]_wide_mux_37 (I_REGMEM_RS[4]_REG[31][31]_wide_mux_37).
Driver 1: output signal O_REGMEM_READ_DATA_1[15] of instance Latch (O_REGMEM_READ_DATA_1[15]).
Driver 0: output signal O_REGMEM_READ_DATA_1[14] of instance I_REGMEM_RS[4]_REG[31][31]_wide_mux_37 (I_REGMEM_RS[4]_REG[31][31]_wide_mux_37).
Driver 1: output signal O_REGMEM_READ_DATA_1[14] of instance Latch (O_REGMEM_READ_DATA_1[14]).
Driver 0: output signal O_REGMEM_READ_DATA_1[13] of instance I_REGMEM_RS[4]_REG[31][31]_wide_mux_37 (I_REGMEM_RS[4]_REG[31][31]_wide_mux_37).
Driver 1: output signal O_REGMEM_READ_DATA_1[13] of instance Latch (O_REGMEM_READ_DATA_1[13]).
Driver 0: output signal O_REGMEM_READ_DATA_1[12] of instance I_REGMEM_RS[4]_REG[31][31]_wide_mux_37 (I_REGMEM_RS[4]_REG[31][31]_wide_mux_37).
Driver 1: output signal O_REGMEM_READ_DATA_1[12] of instance Latch (O_REGMEM_READ_DATA_1[12]).
Driver 0: output signal O_REGMEM_READ_DATA_1[11] of instance I_REGMEM_RS[4]_REG[31][31]_wide_mux_37 (I_REGMEM_RS[4]_REG[31][31]_wide_mux_37).
Driver 1: output signal O_REGMEM_READ_DATA_1[11] of instance Latch (O_REGMEM_READ_DATA_1[11]).
Driver 0: output signal O_REGMEM_READ_DATA_1[10] of instance I_REGMEM_RS[4]_REG[31][31]_wide_mux_37 (I_REGMEM_RS[4]_REG[31][31]_wide_mux_37).
Driver 1: output signal O_REGMEM_READ_DATA_1[10] of instance Latch (O_REGMEM_READ_DATA_1[10]).
Driver 0: output signal O_REGMEM_READ_DATA_1[9] of instance I_REGMEM_RS[4]_REG[31][31]_wide_mux_37 (I_REGMEM_RS[4]_REG[31][31]_wide_mux_37).
Driver 1: output signal O_REGMEM_READ_DATA_1[9] of instance Latch (O_REGMEM_READ_DATA_1[9]).
Driver 0: output signal O_REGMEM_READ_DATA_1[8] of instance I_REGMEM_RS[4]_REG[31][31]_wide_mux_37 (I_REGMEM_RS[4]_REG[31][31]_wide_mux_37).
Driver 1: output signal O_REGMEM_READ_DATA_1[8] of instance Latch (O_REGMEM_READ_DATA_1[8]).
Driver 0: output signal O_REGMEM_READ_DATA_1[7] of instance I_REGMEM_RS[4]_REG[31][31]_wide_mux_37 (I_REGMEM_RS[4]_REG[31][31]_wide_mux_37).
Driver 1: output signal O_REGMEM_READ_DATA_1[7] of instance Latch (O_REGMEM_READ_DATA_1[7]).
Driver 0: output signal O_REGMEM_READ_DATA_1[6] of instance I_REGMEM_RS[4]_REG[31][31]_wide_mux_37 (I_REGMEM_RS[4]_REG[31][31]_wide_mux_37).
Driver 1: output signal O_REGMEM_READ_DATA_1[6] of instance Latch (O_REGMEM_READ_DATA_1[6]).
Driver 0: output signal O_REGMEM_READ_DATA_1[5] of instance I_REGMEM_RS[4]_REG[31][31]_wide_mux_37 (I_REGMEM_RS[4]_REG[31][31]_wide_mux_37).
Driver 1: output signal O_REGMEM_READ_DATA_1[5] of instance Latch (O_REGMEM_READ_DATA_1[5]).
Driver 0: output signal O_REGMEM_READ_DATA_1[4] of instance I_REGMEM_RS[4]_REG[31][31]_wide_mux_37 (I_REGMEM_RS[4]_REG[31][31]_wide_mux_37).
Driver 1: output signal O_REGMEM_READ_DATA_1[4] of instance Latch (O_REGMEM_READ_DATA_1[4]).
Driver 0: output signal O_REGMEM_READ_DATA_1[3] of instance I_REGMEM_RS[4]_REG[31][31]_wide_mux_37 (I_REGMEM_RS[4]_REG[31][31]_wide_mux_37).
Driver 1: output signal O_REGMEM_READ_DATA_1[3] of instance Latch (O_REGMEM_READ_DATA_1[3]).
Driver 0: output signal O_REGMEM_READ_DATA_1[2] of instance I_REGMEM_RS[4]_REG[31][31]_wide_mux_37 (I_REGMEM_RS[4]_REG[31][31]_wide_mux_37).
Driver 1: output signal O_REGMEM_READ_DATA_1[2] of instance Latch (O_REGMEM_READ_DATA_1[2]).
Driver 0: output signal O_REGMEM_READ_DATA_1[1] of instance I_REGMEM_RS[4]_REG[31][31]_wide_mux_37 (I_REGMEM_RS[4]_REG[31][31]_wide_mux_37).
Driver 1: output signal O_REGMEM_READ_DATA_1[1] of instance Latch (O_REGMEM_READ_DATA_1[1]).
Driver 0: output signal O_REGMEM_READ_DATA_1[0] of instance I_REGMEM_RS[4]_REG[31][31]_wide_mux_37 (I_REGMEM_RS[4]_REG[31][31]_wide_mux_37).
Driver 1: output signal O_REGMEM_READ_DATA_1[0] of instance Latch (O_REGMEM_READ_DATA_1[0]).
Driver 0: output signal O_REGMEM_READ_DATA_2[31] of instance I_REGMEM_RT[4]_REG[31][31]_wide_mux_38 (I_REGMEM_RT[4]_REG[31][31]_wide_mux_38).
Driver 1: output signal O_REGMEM_READ_DATA_2[31] of instance Latch (O_REGMEM_READ_DATA_2[31]).
Driver 0: output signal O_REGMEM_READ_DATA_2[30] of instance I_REGMEM_RT[4]_REG[31][31]_wide_mux_38 (I_REGMEM_RT[4]_REG[31][31]_wide_mux_38).
Driver 1: output signal O_REGMEM_READ_DATA_2[30] of instance Latch (O_REGMEM_READ_DATA_2[30]).
Driver 0: output signal O_REGMEM_READ_DATA_2[29] of instance I_REGMEM_RT[4]_REG[31][31]_wide_mux_38 (I_REGMEM_RT[4]_REG[31][31]_wide_mux_38).
Driver 1: output signal O_REGMEM_READ_DATA_2[29] of instance Latch (O_REGMEM_READ_DATA_2[29]).
Driver 0: output signal O_REGMEM_READ_DATA_2[28] of instance I_REGMEM_RT[4]_REG[31][31]_wide_mux_38 (I_REGMEM_RT[4]_REG[31][31]_wide_mux_38).
Driver 1: output signal O_REGMEM_READ_DATA_2[28] of instance Latch (O_REGMEM_READ_DATA_2[28]).
Driver 0: output signal O_REGMEM_READ_DATA_2[27] of instance I_REGMEM_RT[4]_REG[31][31]_wide_mux_38 (I_REGMEM_RT[4]_REG[31][31]_wide_mux_38).
Driver 1: output signal O_REGMEM_READ_DATA_2[27] of instance Latch (O_REGMEM_READ_DATA_2[27]).
Driver 0: output signal O_REGMEM_READ_DATA_2[26] of instance I_REGMEM_RT[4]_REG[31][31]_wide_mux_38 (I_REGMEM_RT[4]_REG[31][31]_wide_mux_38).
Driver 1: output signal O_REGMEM_READ_DATA_2[26] of instance Latch (O_REGMEM_READ_DATA_2[26]).
Driver 0: output signal O_REGMEM_READ_DATA_2[25] of instance I_REGMEM_RT[4]_REG[31][31]_wide_mux_38 (I_REGMEM_RT[4]_REG[31][31]_wide_mux_38).
Driver 1: output signal O_REGMEM_READ_DATA_2[25] of instance Latch (O_REGMEM_READ_DATA_2[25]).
Driver 0: output signal O_REGMEM_READ_DATA_2[24] of instance I_REGMEM_RT[4]_REG[31][31]_wide_mux_38 (I_REGMEM_RT[4]_REG[31][31]_wide_mux_38).
Driver 1: output signal O_REGMEM_READ_DATA_2[24] of instance Latch (O_REGMEM_READ_DATA_2[24]).
Driver 0: output signal O_REGMEM_READ_DATA_2[23] of instance I_REGMEM_RT[4]_REG[31][31]_wide_mux_38 (I_REGMEM_RT[4]_REG[31][31]_wide_mux_38).
Driver 1: output signal O_REGMEM_READ_DATA_2[23] of instance Latch (O_REGMEM_READ_DATA_2[23]).
Driver 0: output signal O_REGMEM_READ_DATA_2[22] of instance I_REGMEM_RT[4]_REG[31][31]_wide_mux_38 (I_REGMEM_RT[4]_REG[31][31]_wide_mux_38).
Driver 1: output signal O_REGMEM_READ_DATA_2[22] of instance Latch (O_REGMEM_READ_DATA_2[22]).
Driver 0: output signal O_REGMEM_READ_DATA_2[21] of instance I_REGMEM_RT[4]_REG[31][31]_wide_mux_38 (I_REGMEM_RT[4]_REG[31][31]_wide_mux_38).
Driver 1: output signal O_REGMEM_READ_DATA_2[21] of instance Latch (O_REGMEM_READ_DATA_2[21]).
Driver 0: output signal O_REGMEM_READ_DATA_2[20] of instance I_REGMEM_RT[4]_REG[31][31]_wide_mux_38 (I_REGMEM_RT[4]_REG[31][31]_wide_mux_38).
Driver 1: output signal O_REGMEM_READ_DATA_2[20] of instance Latch (O_REGMEM_READ_DATA_2[20]).
Driver 0: output signal O_REGMEM_READ_DATA_2[19] of instance I_REGMEM_RT[4]_REG[31][31]_wide_mux_38 (I_REGMEM_RT[4]_REG[31][31]_wide_mux_38).
Driver 1: output signal O_REGMEM_READ_DATA_2[19] of instance Latch (O_REGMEM_READ_DATA_2[19]).
Driver 0: output signal O_REGMEM_READ_DATA_2[18] of instance I_REGMEM_RT[4]_REG[31][31]_wide_mux_38 (I_REGMEM_RT[4]_REG[31][31]_wide_mux_38).
Driver 1: output signal O_REGMEM_READ_DATA_2[18] of instance Latch (O_REGMEM_READ_DATA_2[18]).
Driver 0: output signal O_REGMEM_READ_DATA_2[17] of instance I_REGMEM_RT[4]_REG[31][31]_wide_mux_38 (I_REGMEM_RT[4]_REG[31][31]_wide_mux_38).
Driver 1: output signal O_REGMEM_READ_DATA_2[17] of instance Latch (O_REGMEM_READ_DATA_2[17]).
Driver 0: output signal O_REGMEM_READ_DATA_2[16] of instance I_REGMEM_RT[4]_REG[31][31]_wide_mux_38 (I_REGMEM_RT[4]_REG[31][31]_wide_mux_38).
Driver 1: output signal O_REGMEM_READ_DATA_2[16] of instance Latch (O_REGMEM_READ_DATA_2[16]).
Driver 0: output signal O_REGMEM_READ_DATA_2[15] of instance I_REGMEM_RT[4]_REG[31][31]_wide_mux_38 (I_REGMEM_RT[4]_REG[31][31]_wide_mux_38).
Driver 1: output signal O_REGMEM_READ_DATA_2[15] of instance Latch (O_REGMEM_READ_DATA_2[15]).
Driver 0: output signal O_REGMEM_READ_DATA_2[14] of instance I_REGMEM_RT[4]_REG[31][31]_wide_mux_38 (I_REGMEM_RT[4]_REG[31][31]_wide_mux_38).
Driver 1: output signal O_REGMEM_READ_DATA_2[14] of instance Latch (O_REGMEM_READ_DATA_2[14]).
Driver 0: output signal O_REGMEM_READ_DATA_2[13] of instance I_REGMEM_RT[4]_REG[31][31]_wide_mux_38 (I_REGMEM_RT[4]_REG[31][31]_wide_mux_38).
Driver 1: output signal O_REGMEM_READ_DATA_2[13] of instance Latch (O_REGMEM_READ_DATA_2[13]).
Driver 0: output signal O_REGMEM_READ_DATA_2[12] of instance I_REGMEM_RT[4]_REG[31][31]_wide_mux_38 (I_REGMEM_RT[4]_REG[31][31]_wide_mux_38).
Driver 1: output signal O_REGMEM_READ_DATA_2[12] of instance Latch (O_REGMEM_READ_DATA_2[12]).
Driver 0: output signal O_REGMEM_READ_DATA_2[11] of instance I_REGMEM_RT[4]_REG[31][31]_wide_mux_38 (I_REGMEM_RT[4]_REG[31][31]_wide_mux_38).
Driver 1: output signal O_REGMEM_READ_DATA_2[11] of instance Latch (O_REGMEM_READ_DATA_2[11]).
Driver 0: output signal O_REGMEM_READ_DATA_2[10] of instance I_REGMEM_RT[4]_REG[31][31]_wide_mux_38 (I_REGMEM_RT[4]_REG[31][31]_wide_mux_38).
Driver 1: output signal O_REGMEM_READ_DATA_2[10] of instance Latch (O_REGMEM_READ_DATA_2[10]).
Driver 0: output signal O_REGMEM_READ_DATA_2[9] of instance I_REGMEM_RT[4]_REG[31][31]_wide_mux_38 (I_REGMEM_RT[4]_REG[31][31]_wide_mux_38).
Driver 1: output signal O_REGMEM_READ_DATA_2[9] of instance Latch (O_REGMEM_READ_DATA_2[9]).
Driver 0: output signal O_REGMEM_READ_DATA_2[8] of instance I_REGMEM_RT[4]_REG[31][31]_wide_mux_38 (I_REGMEM_RT[4]_REG[31][31]_wide_mux_38).
Driver 1: output signal O_REGMEM_READ_DATA_2[8] of instance Latch (O_REGMEM_READ_DATA_2[8]).
Driver 0: output signal O_REGMEM_READ_DATA_2[7] of instance I_REGMEM_RT[4]_REG[31][31]_wide_mux_38 (I_REGMEM_RT[4]_REG[31][31]_wide_mux_38).
Driver 1: output signal O_REGMEM_READ_DATA_2[7] of instance Latch (O_REGMEM_READ_DATA_2[7]).
Driver 0: output signal O_REGMEM_READ_DATA_2[6] of instance I_REGMEM_RT[4]_REG[31][31]_wide_mux_38 (I_REGMEM_RT[4]_REG[31][31]_wide_mux_38).
Driver 1: output signal O_REGMEM_READ_DATA_2[6] of instance Latch (O_REGMEM_READ_DATA_2[6]).
Driver 0: output signal O_REGMEM_READ_DATA_2[5] of instance I_REGMEM_RT[4]_REG[31][31]_wide_mux_38 (I_REGMEM_RT[4]_REG[31][31]_wide_mux_38).
Driver 1: output signal O_REGMEM_READ_DATA_2[5] of instance Latch (O_REGMEM_READ_DATA_2[5]).
Driver 0: output signal O_REGMEM_READ_DATA_2[4] of instance I_REGMEM_RT[4]_REG[31][31]_wide_mux_38 (I_REGMEM_RT[4]_REG[31][31]_wide_mux_38).
Driver 1: output signal O_REGMEM_READ_DATA_2[4] of instance Latch (O_REGMEM_READ_DATA_2[4]).
Driver 0: output signal O_REGMEM_READ_DATA_2[3] of instance I_REGMEM_RT[4]_REG[31][31]_wide_mux_38 (I_REGMEM_RT[4]_REG[31][31]_wide_mux_38).
Driver 1: output signal O_REGMEM_READ_DATA_2[3] of instance Latch (O_REGMEM_READ_DATA_2[3]).
Driver 0: output signal O_REGMEM_READ_DATA_2[2] of instance I_REGMEM_RT[4]_REG[31][31]_wide_mux_38 (I_REGMEM_RT[4]_REG[31][31]_wide_mux_38).
Driver 1: output signal O_REGMEM_READ_DATA_2[2] of instance Latch (O_REGMEM_READ_DATA_2[2]).
Driver 0: output signal O_REGMEM_READ_DATA_2[1] of instance I_REGMEM_RT[4]_REG[31][31]_wide_mux_38 (I_REGMEM_RT[4]_REG[31][31]_wide_mux_38).
Driver 1: output signal O_REGMEM_READ_DATA_2[1] of instance Latch (O_REGMEM_READ_DATA_2[1]).
Driver 0: output signal O_REGMEM_READ_DATA_2[0] of instance I_REGMEM_RT[4]_REG[31][31]_wide_mux_38 (I_REGMEM_RT[4]_REG[31][31]_wide_mux_38).
Driver 1: output signal O_REGMEM_READ_DATA_2[0] of instance Latch (O_REGMEM_READ_DATA_2[0]).
Module RegisterMemory remains a blackbox, due to errors in its contents
WARNING:HDLCompiler:1499 - "\\vboxsrv\win7vm\workspace\ArquitecturaDeComputadoras\TP4\RegisterMemory.v" Line 21: Empty module <RegisterMemory> remains a black box.

Elaborating module <comparator>.

Elaborating module <signExtension>.

Elaborating module <Shift16>.

Elaborating module <ID_EX>.

Elaborating module <Mux_4_1>.

Elaborating module <Mux_4_1(N=5)>.

Elaborating module <ForwardingUnit>.

Elaborating module <EX_MEM>.

Elaborating module <DataMemory>.

Elaborating module <Trunker>.

Elaborating module <MEM_WB>.
WARNING:HDLCompiler:634 - "\\vboxsrv\win7vm\workspace\ArquitecturaDeComputadoras\TP4\MIPS2.v" Line 187: Net <w_exe_pc_out[31]> does not have a driver.
WARNING:HDLCompiler:552 - "\\vboxsrv\win7vm\workspace\ArquitecturaDeComputadoras\TP4\MIPS2.v" Line 442: Input port D[31] is not connected on this instance
WARNING:HDLCompiler:552 - "\\vboxsrv\win7vm\workspace\ArquitecturaDeComputadoras\TP4\MIPS2.v" Line 462: Input port D[31] is not connected on this instance
WARNING:HDLCompiler:552 - "\\vboxsrv\win7vm\workspace\ArquitecturaDeComputadoras\TP4\MIPS2.v" Line 482: Input port D[4] is not connected on this instance
--> 

Total memory usage is 195004 kilobytes

Number of errors   :    2 (   0 filtered)
Number of warnings :    9 (   0 filtered)
Number of infos    :    0 (   0 filtered)

